[2026-01-21 12:32:45] CALL CONSULTA args=[] kwargs={}
[2026-01-21 12:32:45] END  CONSULTA
[2026-01-21 12:32:49] CALL CONSULTA args=[] kwargs={}
[2026-01-21 12:32:49] END  CONSULTA
[2026-01-21 12:33:10] CALL CONSULTA args=[] kwargs={}
[2026-01-21 12:33:10] END  CONSULTA
[2026-01-21 12:58:14] CALL CONSULTA args=[] kwargs={}
[2026-01-21 12:58:14] END  CONSULTA
[2026-01-21 13:02:29] CALL CONSULTA args=[] kwargs={}
[2026-01-21 13:02:29] END  CONSULTA
[2026-01-29 10:59:31] CALL CONSULTA args=[] kwargs={}
[2026-01-29 10:59:31] END  CONSULTA
[2026-01-29 11:50:30] CALL CONSULTA args=[] kwargs={}
[2026-01-29 11:50:30] END  CONSULTA
[2026-02-02 09:20:20] CALL CONSULTA args=[] kwargs={}
[2026-02-02 09:25:04] CALL CONSULTA args=[] kwargs={}
[2026-02-02 09:25:04] END  CONSULTA
[2026-02-02 09:27:14] CALL ALTA args=["'maria'", "'Martinez'", "'Ford'", "'Taunus'", "'1977'", "'La Nueva'", "'RMV789'", "'particular'", "'156688'", "'Full'", "'16/01/2026'", "'16/05/2026'", "'104000'"] kwargs={}
[2026-02-02 09:27:14] END  ALTA completado=True
[2026-02-02 09:27:16] CALL CONSULTA args=[] kwargs={}
[2026-02-02 09:27:16] END  CONSULTA
[2026-02-02 09:41:07] CALL CONSULTA args=[] kwargs={}
[2026-02-02 09:41:07] END  CONSULTA
[2026-02-02 10:04:25] CALL CONSULTA args=[] kwargs={}
2026-02-02 10:04:25 | OBSERVER | CONSULTA | {'completado': True}
[2026-02-02 10:04:25] END  CONSULTA
[2026-02-04 18:31:46] CALL CONSULTA args=[] kwargs={}
2026-02-04 18:31:46 | OBSERVER | CONSULTA | {'completado': True}
[2026-02-04 18:31:46] END  CONSULTA
